// Jest Snapshot v1, https://goo.gl/fbAQLP

exports[`Movie Card component tests Should match the snapshot for "MovieCard" component 1`] = `
<DocumentFragment>
  <div
    class="sc-fzpjYC iCmXBs"
  >
    <a
      data-testid="movieCardClicableImage"
      href="/movie/297761"
    >
      <img
        class="sc-fznJRM kzgVss"
        data-testid="movieCardPoster"
        src="undefinedoriginal/e1mjopzAS2KNsvpbpahQ1a6SkSn.jpg"
      />
    </a>
    <div
      class="sc-fznxsB cBLacw"
    >
      <a
        class="sc-fznWqX ccSiWP"
        data-testid="movieCardClicableTitle"
        href="/movie/297761"
      >
        Suicide Squad
      </a>
      <p
        class="sc-fzoiQi dDLToi"
      >
        2016
      </p>
      <p
        class="sc-fzqARJ hdNEPE"
      >
        From DC Comics comes the Suicide Squad, an antihero team of incarcerated supervillains who act as deniable assets for the...
      </p>
      <section
        class="sc-fzqNqU eSyPdJ"
      >
        <button
          class="sc-fzqNJr craSqe"
          data-testid="movieCardGoToDetailsButton"
          type="button"
        >
          <i
            class="material-icons"
          >
            launch
          </i>
        </button>
        <button
          class="sc-fzqNJr efUzvm"
          data-testid="movieCardToggleAddToList"
          type="button"
        >
          <i
            class="material-icons"
          >
            playlist_add
          </i>
        </button>
        <button
          class="sc-fzqNJr JyITD"
          data-testid="movieCardToggleAddToFavorites"
          type="button"
        >
          <i
            class="material-icons"
          >
            star_border
          </i>
        </button>
      </section>
    </div>
  </div>
</DocumentFragment>
`;
