// Jest Snapshot v1, https://goo.gl/fbAQLP

exports[`Navbar component tests Should match the snapshot for "Navbar" component 1`] = `
<DocumentFragment>
  <div
    class="sc-AxiKw iAA-dCc"
  >
    <nav
      class="sc-AxhCb dmhiER"
    >
      <a
        aria-current="page"
        class="sc-AxjAm eLkdkJ active"
        href="/"
      >
        <div
          class="sc-AxgMl cjEjyT"
        >
          <img
            alt="Movie icon"
            class="sc-Axmtr koDVaQ"
            src="movie_icon.svg"
          />
          <h1
            class="sc-AxheI kouLZm"
          >
            MOVIES DEV
          </h1>
        </div>
      </a>
      <ul
        class="sc-AxhUy cevNGS"
      >
        <li
          class="sc-AxmLO dBYfyx"
        >
          <a
            class="sc-AxjAm sc-AxirZ hLHWDL"
            href="/search"
          >
            Search
          </a>
        </li>
        <li
          class="sc-AxmLO dBYfyx"
        >
          <a
            class="sc-AxjAm sc-AxirZ hLHWDL"
            href="/watchlist"
          >
            Watch Later
          </a>
        </li>
        <li
          class="sc-AxmLO dBYfyx"
        >
          <a
            class="sc-AxjAm sc-AxirZ hLHWDL"
            href="/favorites"
          >
            Favorites
          </a>
        </li>
      </ul>
    </nav>
  </div>
</DocumentFragment>
`;
