// Jest Snapshot v1, https://goo.gl/fbAQLP

exports[`Not Found Page tests Should match the snapshot for "NotFound" screen 1`] = `
<DocumentFragment>
  <h2
    class="sc-fznWOq lgTVAX"
  >
    This is not what you looking for!
  </h2>
  <section
    class="sc-fzpmMD dpBVZd"
  >
    <p
      class="sc-fznMAR jQVwQt"
    >
      Go back to home and try again!
    </p>
    <img
      alt="Go back to home and try again!"
      class="sc-fznxKY gwoGIM"
      src="cinema.svg"
    />
  </section>
</DocumentFragment>
`;
