// Jest Snapshot v1, https://goo.gl/fbAQLP

exports[`Search Input component tests Should match the snapshot for "SearchInput" component 1`] = `
<DocumentFragment>
  <form
    class="sc-fzqARJ fDFTqN"
  >
    <input
      class="sc-fzqNqU kcFlH"
      value=""
    />
    <button
      class="sc-fzqNJr ikbhRF"
      data-testid="searchInputButtonSubmit"
      type="button"
    >
      <i
        class="material-icons"
      >
        search
      </i>
      <span>
        Search
      </span>
    </button>
  </form>
</DocumentFragment>
`;
